// Jest Snapshot v1, https://goo.gl/fbAQLP

exports[`Box should match snapshot 1`] = `
.c0 {
  display: -webkit-box;
  display: -webkit-flex;
  display: -ms-flexbox;
  display: flex;
  -webkit-flex-direction: row;
  -ms-flex-direction: row;
  flex-direction: row;
  -webkit-box-pack: justify;
  -webkit-justify-content: space-between;
  -ms-flex-pack: justify;
  justify-content: space-between;
  -webkit-align-items: center;
  -webkit-box-align: center;
  -ms-flex-align: center;
  align-items: center;
  padding: 40px;
  background-color: #F1ECED;
  border-radius: 8px;
  box-shadow: 0px 1px 2px rgba(0,0,0,0.06),0px 1px 3px rgba(0,0,0,0.1);
  margin-bottom: 16px;
  box-sizing: border-box;
}

<div>
  <div
    class="c0"
    display="flex"
  >
    Sit eiusmod ullamco eiusmod non cillum proident.
  </div>
</div>
`;
