// Jest Snapshot v1, https://goo.gl/fbAQLP

exports[`Textarea should match snapshot 1`] = `
.c0 {
  box-shadow: 0px 1px 2px rgba(0,0,0,0.06),0px 1px 3px rgba(0,0,0,0.1);
  border: 2px solid #E6DFE1;
  padding: 12px;
  width: 100%;
  border-radius: 8px;
  position: relative;
  box-sizing: border-box;
  -webkit-transition: 100ms border-color ease-in-out;
  transition: 100ms border-color ease-in-out;
}

.c0:focus-within {
  border-color: #DA4167;
}

.c1 {
  font-size: 16px;
  line-height: 1.2;
  font-family: Montserrat;
  color: #493C3F;
  border: 0;
  width: 100%;
  min-height: 120px;
}

.c1:focus {
  outline: none;
}

<div>
  <div
    class="sc-AxjAm c0"
    width="100%"
  >
    <textarea
      class="c1"
    >
      Non culpa ullamco est laboris pariatur.
    </textarea>
  </div>
</div>
`;
