// Jest Snapshot v1, https://goo.gl/fbAQLP

exports[`LogoSymbol should match snapshot 1`] = `
<div>
  <svg
    fill="none"
    viewBox="0 0 300 300"
  >
    <path
      d="M261.202 300H38.765c-12.751 0-24.794-6.334-31.878-16.539-7.084-10.557-8.855-23.577-4.605-35.542L85.52 25.169C90.832 11.095 103.23 1.594 118.105.186c14.877-1.408 29.045 5.278 36.837 17.947l139.2 222.75c7.439 11.964 7.793 26.744 1.063 39.06C288.121 292.61 275.37 300 261.202 300z"
      fill="#DA4167"
    />
  </svg>
</div>
`;
