// Jest Snapshot v1, https://goo.gl/fbAQLP

exports[`ThemeProvider should match snapshot 1`] = `
<div>
  I am a children
</div>
`;
